// Jest Snapshot v1, https://goo.gl/fbAQLP

exports[`App component renders AppLoading component initially 1`] = `<ExponentAppLoading />`;

exports[`App component renders Login component after asset loading completes 1`] = `
<View
  style={
    Object {
      "flex": 1,
    }
  }
>
  <View
    onLayout={[Function]}
    style={
      Array [
        Object {
          "backgroundColor": "transparent",
          "flex": 1,
        },
        undefined,
      ]
    }
  >
    <View
      style={
        Object {
          "flex": 1,
        }
      }
    >
      <View
        collapsable={undefined}
        onMoveShouldSetResponder={[Function]}
        onMoveShouldSetResponderCapture={[Function]}
        onResponderEnd={[Function]}
        onResponderGrant={[Function]}
        onResponderMove={[Function]}
        onResponderReject={[Function]}
        onResponderRelease={[Function]}
        onResponderStart={[Function]}
        onResponderTerminate={[Function]}
        onResponderTerminationRequest={[Function]}
        onStartShouldSetResponder={[Function]}
        onStartShouldSetResponderCapture={[Function]}
        pointerEvents="auto"
        style={
          Object {
            "backgroundColor": "white",
            "bottom": 0,
            "left": 0,
            "opacity": 1,
            "position": "absolute",
            "right": 0,
            "top": 0,
            "transform": Array [
              Object {
                "translateX": 0,
              },
              Object {
                "translateY": 0,
              },
            ],
          }
        }
      >
        <View
          style={
            Array [
              Object {
                "flex": 1,
              },
              undefined,
            ]
          }
        >
          <View
            style={
              Object {
                "alignItems": "center",
                "backgroundColor": "transparent",
                "flex": 1,
                "height": undefined,
                "justifyContent": "center",
                "padding": 20,
                "width": undefined,
              }
            }
          >
            <Image
              source={1}
              style={
                Array [
                  Object {
                    "bottom": 0,
                    "left": 0,
                    "position": "absolute",
                    "right": 0,
                    "top": 0,
                  },
                  Object {
                    "height": undefined,
                    "width": undefined,
                  },
                  undefined,
                ]
              }
            />
            <View
              style={
                Object {
                  "alignItems": "center",
                  "flexGrow": 1,
                  "justifyContent": "center",
                }
              }
            >
              <Text
                accessible={true}
                allowFontScaling={true}
                ellipsizeMode="tail"
                style={
                  Array [
                    Object {},
                    undefined,
                    undefined,
                    undefined,
                    undefined,
                    undefined,
                    undefined,
                    undefined,
                    undefined,
                    undefined,
                    Object {
                      "color": "white",
                      "fontFamily": "LaoSangamMN",
                      "fontSize": 34,
                      "fontWeight": "bold",
                      "marginTop": 10,
                      "textAlign": "center",
                    },
                  ]
                }
              >
                BLACKLIGHT
              </Text>
            </View>
            <View
              style={
                Array [
                  Object {
                    "marginLeft": 15,
                    "marginRight": 15,
                  },
                  undefined,
                  undefined,
                  undefined,
                ]
              }
            >
              <View
                accessibilityComponentType={undefined}
                accessibilityLabel={undefined}
                accessibilityTraits={undefined}
                accessible={true}
                hasTVPreferredFocus={undefined}
                hitSlop={undefined}
                isTVSelectable={true}
                nativeID={undefined}
                onLayout={undefined}
                onResponderGrant={[Function]}
                onResponderMove={[Function]}
                onResponderRelease={[Function]}
                onResponderTerminate={[Function]}
                onResponderTerminationRequest={[Function]}
                onStartShouldSetResponder={[Function]}
                style={
                  Array [
                    Object {
                      "backgroundColor": "transparent",
                    },
                    Object {
                      "padding": 10,
                    },
                  ]
                }
                testID={undefined}
                tvParallaxProperties={undefined}
              >
                <View
                  pointerEvents="box-only"
                  style={
                    Array [
                      Object {
                        "alignItems": "center",
                        "backgroundColor": "#9E9E9E",
                        "flexDirection": "row",
                        "justifyContent": "center",
                        "padding": 19,
                      },
                      undefined,
                      undefined,
                      undefined,
                      undefined,
                      undefined,
                      Object {
                        "backgroundColor": "#000000",
                      },
                      undefined,
                      Object {
                        "padding": 12,
                      },
                      undefined,
                      undefined,
                      undefined,
                      undefined,
                      undefined,
                      undefined,
                    ]
                  }
                >
                  <Text
                    accessible={true}
                    allowFontScaling={true}
                    ellipsizeMode="tail"
                    style={
                      Array [
                        Object {},
                        undefined,
                        undefined,
                        undefined,
                        undefined,
                        undefined,
                        undefined,
                        undefined,
                        undefined,
                        undefined,
                        Array [
                          Object {
                            "color": "white",
                            "fontSize": 20,
                          },
                          undefined,
                          Object {
                            "fontSize": 17.5,
                          },
                          undefined,
                          undefined,
                          undefined,
                          undefined,
                        ],
                      ]
                    }
                  >
                    CONTINUE AS ANONYMOUS
                  </Text>
                </View>
              </View>
            </View>
            <View
              keyboardVerticalOffset={0}
              onLayout={[Function]}
              style={
                Array [
                  Object {
                    "padding": 10,
                  },
                  Object {
                    "paddingBottom": 0,
                  },
                ]
              }
            >
              <View
                style={
                  Array [
                    Object {},
                    undefined,
                  ]
                }
              >
                <Text
                  accessible={true}
                  allowFontScaling={true}
                  ellipsizeMode="tail"
                  style={
                    Array [
                      Object {},
                      undefined,
                      undefined,
                      undefined,
                      undefined,
                      undefined,
                      undefined,
                      undefined,
                      undefined,
                      undefined,
                      Array [
                        Object {
                          "color": "#86939e",
                          "fontSize": 15,
                          "fontWeight": "bold",
                          "marginBottom": 1,
                          "marginLeft": 20,
                          "marginRight": 20,
                          "marginTop": 15,
                        },
                        undefined,
                        undefined,
                      ],
                    ]
                  }
                >
                  Email
                </Text>
              </View>
              <View
                collapsable={undefined}
                style={
                  Object {
                    "borderBottomColor": "#bdc6cf",
                    "borderBottomWidth": 1,
                    "marginLeft": 20,
                    "marginRight": 20,
                    "transform": Array [
                      Object {
                        "translateX": 0,
                      },
                    ],
                  }
                }
              >
                <TextInput
                  allowFontScaling={true}
                  onChangeText={[Function]}
                  placeholder="Email"
                  style={
                    Array [
                      Object {
                        "color": "#86939e",
                        "minHeight": 36,
                        "width": 750,
                      },
                      Object {
                        "fontSize": 17.5,
                      },
                      undefined,
                    ]
                  }
                />
              </View>
              <View
                style={
                  Array [
                    Object {},
                    undefined,
                  ]
                }
              >
                <Text
                  accessible={true}
                  allowFontScaling={true}
                  ellipsizeMode="tail"
                  style={
                    Array [
                      Object {},
                      undefined,
                      undefined,
                      undefined,
                      undefined,
                      undefined,
                      undefined,
                      undefined,
                      undefined,
                      undefined,
                      Array [
                        Object {
                          "color": "#86939e",
                          "fontSize": 15,
                          "fontWeight": "bold",
                          "marginBottom": 1,
                          "marginLeft": 20,
                          "marginRight": 20,
                          "marginTop": 15,
                        },
                        undefined,
                        undefined,
                      ],
                    ]
                  }
                >
                  PW
                </Text>
              </View>
              <View
                collapsable={undefined}
                style={
                  Object {
                    "borderBottomColor": "#bdc6cf",
                    "borderBottomWidth": 1,
                    "marginLeft": 20,
                    "marginRight": 20,
                    "transform": Array [
                      Object {
                        "translateX": 0,
                      },
                    ],
                  }
                }
              >
                <TextInput
                  allowFontScaling={true}
                  onChangeText={[Function]}
                  secureTextEntry={true}
                  style={
                    Array [
                      Object {
                        "color": "#86939e",
                        "minHeight": 36,
                        "width": 750,
                      },
                      Object {
                        "fontSize": 17.5,
                      },
                      undefined,
                    ]
                  }
                />
              </View>
              <View
                style={
                  Array [
                    Object {
                      "marginLeft": 15,
                      "marginRight": 15,
                    },
                    undefined,
                    undefined,
                    undefined,
                  ]
                }
              >
                <View
                  accessibilityComponentType={undefined}
                  accessibilityLabel={undefined}
                  accessibilityTraits={undefined}
                  accessible={true}
                  hasTVPreferredFocus={undefined}
                  hitSlop={undefined}
                  isTVSelectable={true}
                  nativeID={undefined}
                  onLayout={undefined}
                  onResponderGrant={[Function]}
                  onResponderMove={[Function]}
                  onResponderRelease={[Function]}
                  onResponderTerminate={[Function]}
                  onResponderTerminationRequest={[Function]}
                  onStartShouldSetResponder={[Function]}
                  style={
                    Array [
                      Object {
                        "backgroundColor": "transparent",
                      },
                      Object {
                        "padding": 10,
                      },
                    ]
                  }
                  testID={undefined}
                  tvParallaxProperties={undefined}
                >
                  <View
                    pointerEvents="box-only"
                    style={
                      Array [
                        Object {
                          "alignItems": "center",
                          "backgroundColor": "#9E9E9E",
                          "flexDirection": "row",
                          "justifyContent": "center",
                          "padding": 19,
                        },
                        undefined,
                        undefined,
                        undefined,
                        undefined,
                        undefined,
                        Object {
                          "backgroundColor": "#000000",
                        },
                        undefined,
                        Object {
                          "padding": 12,
                        },
                        undefined,
                        undefined,
                        undefined,
                        undefined,
                        undefined,
                        undefined,
                      ]
                    }
                  >
                    <Text
                      accessible={true}
                      allowFontScaling={true}
                      ellipsizeMode="tail"
                      style={
                        Array [
                          Object {},
                          undefined,
                          undefined,
                          undefined,
                          undefined,
                          undefined,
                          undefined,
                          undefined,
                          undefined,
                          undefined,
                          Array [
                            Object {
                              "color": "white",
                              "fontSize": 20,
                            },
                            undefined,
                            Object {
                              "fontSize": 17.5,
                            },
                            undefined,
                            undefined,
                            undefined,
                            undefined,
                          ],
                        ]
                      }
                    >
                      LOGIN
                    </Text>
                  </View>
                </View>
              </View>
              <View
                style={
                  Array [
                    Object {
                      "marginLeft": 15,
                      "marginRight": 15,
                    },
                    undefined,
                    undefined,
                    undefined,
                  ]
                }
              >
                <View
                  accessibilityComponentType={undefined}
                  accessibilityLabel={undefined}
                  accessibilityTraits={undefined}
                  accessible={true}
                  hasTVPreferredFocus={undefined}
                  hitSlop={undefined}
                  isTVSelectable={true}
                  nativeID={undefined}
                  onLayout={undefined}
                  onResponderGrant={[Function]}
                  onResponderMove={[Function]}
                  onResponderRelease={[Function]}
                  onResponderTerminate={[Function]}
                  onResponderTerminationRequest={[Function]}
                  onStartShouldSetResponder={[Function]}
                  style={
                    Array [
                      Object {
                        "backgroundColor": "transparent",
                      },
                      Object {
                        "padding": 10,
                      },
                    ]
                  }
                  testID={undefined}
                  tvParallaxProperties={undefined}
                >
                  <View
                    pointerEvents="box-only"
                    style={
                      Array [
                        Object {
                          "alignItems": "center",
                          "backgroundColor": "#9E9E9E",
                          "flexDirection": "row",
                          "justifyContent": "center",
                          "padding": 19,
                        },
                        undefined,
                        undefined,
                        undefined,
                        undefined,
                        undefined,
                        Object {
                          "backgroundColor": "#000000",
                        },
                        undefined,
                        Object {
                          "padding": 12,
                        },
                        undefined,
                        undefined,
                        undefined,
                        undefined,
                        undefined,
                        undefined,
                      ]
                    }
                  >
                    <Text
                      accessible={true}
                      allowFontScaling={true}
                      ellipsizeMode="tail"
                      style={
                        Array [
                          Object {},
                          undefined,
                          undefined,
                          undefined,
                          undefined,
                          undefined,
                          undefined,
                          undefined,
                          undefined,
                          undefined,
                          Array [
                            Object {
                              "color": "white",
                              "fontSize": 20,
                            },
                            undefined,
                            Object {
                              "fontSize": 17.5,
                            },
                            undefined,
                            undefined,
                            undefined,
                            undefined,
                          ],
                        ]
                      }
                    >
                      SIGNUP
                    </Text>
                  </View>
                </View>
              </View>
            </View>
          </View>
        </View>
      </View>
    </View>
    <View
      collapsable={undefined}
      style={
        Object {
          "backgroundColor": "#000000",
          "borderBottomColor": "#828287",
          "borderBottomWidth": 0.5,
          "height": 64,
          "left": 0,
          "paddingTop": 0,
          "position": "absolute",
          "right": 0,
          "top": 0,
        }
      }
    >
      <View>
        <View
          collapsable={undefined}
          style={
            Object {
              "left": 0,
              "marginTop": 10,
              "position": "absolute",
              "right": 0,
              "top": 20,
            }
          }
        >
          <Text
            accessible={true}
            allowFontScaling={true}
            collapsable={undefined}
            ellipsizeMode="tail"
            lineBreakMode="tail"
            numberOfLines={1}
            style={
              Object {
                "alignSelf": "center",
                "color": "#FFFFFF",
                "fontSize": 18,
                "left": 0,
                "opacity": 1,
                "right": 0,
                "textAlign": "center",
                "width": 180,
              }
            }
          />
        </View>
      </View>
    </View>
  </View>
</View>
`;
